src/controllers/userController.ts(158,31): error TS2339: Property 'managed_teams' does not exist on type '{ team: ({ lead: { full_name: string; } | null; } & { id: string; name: string; created_at: Date; lead_id: string | null; }) | null; } & { id: string; employee_id: string; password_hash: string; ... 11 more ...; device_id: string | null; }'.
